HEX3045G05	blast:AcTA_1 	exon	44707	45078	240	+	.	TA36_204232
HEX3045G05	blast:AcTA_1 	exon	46515	46589	52	+	.	TA36_204232
HEX3045G05	blast:AcTA_1 	exon	44705	45077	205	+	.	DV858069
HEX3045G05	blast:AcTA_1 	exon	46510	46590	49	+	.	DV858069
HEX3045G05	blast:AcTA_1 	exon	44707	45022	192	+	.	DV859225
HEX3045G05	blast:AcTA_1 	exon	46515	46572	34	+	.	DV859225
HEX3045G05	blast:AcTA_1 	exon	44706	45081	172	+	.	DV857122
HEX3045G05	blast:AcTA_1 	exon	46521	46590	58	+	.	DV857122
HEX3045G05	blast:AcTA_1 	exon	44706	45081	168	+	.	DV853600
HEX3045G05	blast:AcTA_1 	exon	46521	46590	62	+	.	DV853600
HEX3045G05	blast:AcTA_1 	exon	44706	45067	158	+	.	DV854722
HEX3045G05	blast:AcTA_1 	exon	44706	45057	152	+	.	TA166_204232
HEX3045G05	blast:AcTA_1 	exon	44706	44746	33	+	.	DV853257
