unknown_src	GeneMarkHMM	exon	26597	26669	.	-	.	RNA0001
unknown_src	GeneMarkHMM	exon	26925	26974	.	-	.	RNA0001
unknown_src	GeneMarkHMM	exon	31722	32260	.	-	.	RNA0002
unknown_src	GeneMarkHMM	exon	32399	32884	.	-	.	RNA0002
unknown_src	GeneMarkHMM	exon	42379	42464	.	-	.	RNA0002
unknown_src	GeneMarkHMM	exon	43159	43613	.	-	.	RNA0002
unknown_src	GeneMarkHMM	exon	44707	45080	.	-	.	RNA0003
unknown_src	GeneMarkHMM	exon	46513	46588	.	-	.	RNA0003
unknown_src	GeneMarkHMM	exon	54818	55147	.	-	.	RNA0004
unknown_src	GeneMarkHMM	exon	55265	55355	.	-	.	RNA0004
unknown_src	GeneMarkHMM	exon	55520	55704	.	-	.	RNA0004
unknown_src	GeneMarkHMM	exon	57497	57661	.	-	.	RNA0004
unknown_src	GeneMarkHMM	exon	61299	61494	.	+	.	RNA0005
unknown_src	GeneMarkHMM	exon	62276	62350	.	+	.	RNA0005
unknown_src	GeneMarkHMM	exon	62438	62532	.	+	.	RNA0005
unknown_src	GeneMarkHMM	exon	66925	67030	.	-	.	RNA0006
unknown_src	GeneMarkHMM	exon	67118	67189	.	-	.	RNA0006
unknown_src	GeneMarkHMM	exon	67404	67547	.	-	.	RNA0006
unknown_src	GeneMarkHMM	exon	67655	67726	.	-	.	RNA0006
unknown_src	GeneMarkHMM	exon	67826	68130	.	-	.	RNA0006
