HEX3045G05	ltr_finder	LTR_retrotransposon	3980	12709	7	+	.	ltr_finder_1
HEX3045G05	ltr_finder	primer_binding_site	5729	5745	7	+	.	ltr_finder_1
HEX3045G05	ltr_finder	RR_tract	10888	10902	7	+	.	ltr_finder_1
HEX3045G05	ltr_finder	five_prime_LTR	3980	5724	7	+	.	ltr_finder_1
HEX3045G05	ltr_finder	three_prime_LTR	10979	12709	7	+	.	ltr_finder_1
HEX3045G05	ltr_finder	target_site_duplication	3975	3979	7	+	.	ltr_finder_1
HEX3045G05	ltr_finder	target_site_duplication	12710	12714	7	+	.	ltr_finder_1
HEX3045G05	ltr_finder	LTR_retrotransposon	28066	41664	8	-	.	ltr_finder_2
HEX3045G05	ltr_finder	primer_binding_site	41462	41482	8	-	.	ltr_finder_2
HEX3045G05	ltr_finder	RR_tract	28212	28226	8	-	.	ltr_finder_2
HEX3045G05	ltr_finder	five_prime_LTR	28066	28204	8	-	.	ltr_finder_2
HEX3045G05	ltr_finder	three_prime_LTR	41528	41664	8	-	.	ltr_finder_2
HEX3045G05	ltr_finder	integrase_core_domain	36589	37083	8	-	.	ltr_finder_2
HEX3045G05	ltr_finder	integrase_core_orf	36586	37392	8	-	.	ltr_finder_2
HEX3045G05	ltr_finder	LTR_retrotransposon	28066	41816	9	-	.	ltr_finder_3
HEX3045G05	ltr_finder	primer_binding_site	41595	41617	9	-	.	ltr_finder_3
HEX3045G05	ltr_finder	RR_tract	28215	28229	9	-	.	ltr_finder_3
HEX3045G05	ltr_finder	five_prime_LTR	28066	28214	9	-	.	ltr_finder_3
HEX3045G05	ltr_finder	three_prime_LTR	41668	41816	9	-	.	ltr_finder_3
HEX3045G05	ltr_finder	target_site_duplication	28061	28065	9	-	.	ltr_finder_3
HEX3045G05	ltr_finder	target_site_duplication	41817	41821	9	-	.	ltr_finder_3
HEX3045G05	ltr_finder	integrase_core_domain	36589	37083	9	-	.	ltr_finder_3
HEX3045G05	ltr_finder	integrase_core_orf	36586	37392	9	-	.	ltr_finder_3
HEX3045G05	ltr_finder	LTR_retrotransposon	32893	41474	8	-	.	ltr_finder_4
HEX3045G05	ltr_finder	primer_binding_site	39711	39726	8	-	.	ltr_finder_4
HEX3045G05	ltr_finder	RR_tract	34635	34649	8	-	.	ltr_finder_4
HEX3045G05	ltr_finder	five_prime_LTR	32893	34633	8	-	.	ltr_finder_4
HEX3045G05	ltr_finder	three_prime_LTR	39732	41474	8	-	.	ltr_finder_4
HEX3045G05	ltr_finder	target_site_duplication	32888	32892	8	-	.	ltr_finder_4
HEX3045G05	ltr_finder	target_site_duplication	41475	41479	8	-	.	ltr_finder_4
HEX3045G05	ltr_finder	integrase_core_domain	36589	37083	8	-	.	ltr_finder_4
HEX3045G05	ltr_finder	integrase_core_orf	36586	37392	8	-	.	ltr_finder_4
HEX3045G05	ltr_finder	LTR_retrotransposon	48312	50897	7	-	.	ltr_finder_5
HEX3045G05	ltr_finder	primer_binding_site	50662	50681	7	-	.	ltr_finder_5
HEX3045G05	ltr_finder	RR_tract	48473	48487	7	-	.	ltr_finder_5
HEX3045G05	ltr_finder	five_prime_LTR	48312	48472	7	-	.	ltr_finder_5
HEX3045G05	ltr_finder	three_prime_LTR	50737	50897	7	-	.	ltr_finder_5
HEX3045G05	ltr_finder	target_site_duplication	48307	48311	7	-	.	ltr_finder_5
HEX3045G05	ltr_finder	target_site_duplication	50898	50902	7	-	.	ltr_finder_5
