seq	repseek	overlapping_direct_repeat	117	165	33.06	+	.	repseek1:dir
seq	repseek	overlapping_direct_repeat	141	193	33.06	+	.	repseek1:dir
seq	repseek	direct_repeat	3980	5725	1593.04	+	.	repseek2:dir
seq	repseek	direct_repeat	10979	12710	1593.04	+	.	repseek2:dir
seq	repseek	direct_repeat	3980	5729	1254.62	+	.	repseek3:dir
seq	repseek	direct_repeat	13884	15634	1254.62	+	.	repseek3:dir
seq	repseek	direct_repeat	4592	5051	241.67	+	.	repseek4:dir
seq	repseek	direct_repeat	72427	72898	241.67	+	.	repseek4:dir
seq	repseek	direct_repeat	10957	12724	1206.85	+	.	repseek5:dir
seq	repseek	direct_repeat	13867	15643	1206.85	+	.	repseek5:dir
seq	repseek	direct_repeat	14494	14881	187.50	+	.	repseek6:dir
seq	repseek	direct_repeat	72427	72815	187.50	+	.	repseek6:dir
seq	repseek	direct_repeat	18272	18307	32.56	+	.	repseek7:dir
seq	repseek	direct_repeat	18347	18382	32.56	+	.	repseek7:dir
seq	repseek	direct_repeat	28066	28215	142.99	+	.	repseek8:dir
seq	repseek	direct_repeat	41668	41817	142.99	+	.	repseek8:dir
seq	repseek	overlapping_direct_repeat	29924	30023	77.74	+	.	repseek9:dir
seq	repseek	overlapping_direct_repeat	29954	30053	77.74	+	.	repseek9:dir
seq	repseek	direct_repeat	32892	34639	1633.51	+	.	repseek10:dir
seq	repseek	direct_repeat	39731	41480	1633.51	+	.	repseek10:dir
seq	repseek	direct_repeat	32892	33256	241.70	+	.	repseek11:dir
seq	repseek	direct_repeat	79038	79401	241.70	+	.	repseek11:dir
seq	repseek	direct_repeat	32894	33719	423.29	+	.	repseek12:dir
seq	repseek	direct_repeat	71717	72527	423.29	+	.	repseek12:dir
seq	repseek	direct_repeat	33585	40095	5330.09	+	.	repseek13:dir
seq	repseek	direct_repeat	72890	79401	5330.09	+	.	repseek13:dir
seq	repseek	direct_repeat	34647	34700	30.32	+	.	repseek14:dir
seq	repseek	direct_repeat	34762	34817	30.32	+	.	repseek14:dir
seq	repseek	direct_repeat	34695	36228	677.65	+	.	repseek15:dir
seq	repseek	direct_repeat	81206	82727	677.65	+	.	repseek15:dir
seq	repseek	direct_repeat	39733	40560	427.58	+	.	repseek16:dir
seq	repseek	direct_repeat	71717	72527	427.58	+	.	repseek16:dir
seq	repseek	direct_repeat	40348	41480	479.77	+	.	repseek17:dir
seq	repseek	direct_repeat	80029	81181	479.77	+	.	repseek17:dir
seq	repseek	direct_repeat	40426	41480	870.11	+	.	repseek18:dir
seq	repseek	direct_repeat	72890	73941	870.11	+	.	repseek18:dir
seq	repseek	overlapping_direct_repeat	41528	41673	130.84	+	.	repseek19:dir
seq	repseek	overlapping_direct_repeat	41668	41815	130.84	+	.	repseek19:dir
seq	repseek	overlapping_direct_repeat	46435	46508	31.90	+	.	repseek20:dir
seq	repseek	overlapping_direct_repeat	46441	46509	31.90	+	.	repseek20:dir
seq	repseek	direct_repeat	48310	48481	157.63	+	.	repseek21:dir
seq	repseek	direct_repeat	50735	50906	157.63	+	.	repseek21:dir
seq	repseek	direct_repeat	52089	52271	145.41	+	.	repseek22:dir
seq	repseek	direct_repeat	54283	54464	145.41	+	.	repseek22:dir
seq	repseek	overlapping_direct_repeat	54658	54689	23.74	+	.	repseek23:dir
seq	repseek	overlapping_direct_repeat	54662	54693	23.74	+	.	repseek23:dir
seq	repseek	overlapping_direct_repeat	57836	58305	175.87	+	.	repseek24:dir
seq	repseek	overlapping_direct_repeat	58147	58594	175.87	+	.	repseek24:dir
seq	repseek	overlapping_direct_repeat	59215	59255	39.29	+	.	repseek25:dir
seq	repseek	overlapping_direct_repeat	59217	59257	39.29	+	.	repseek25:dir
seq	repseek	direct_repeat	61033	61058	24.69	+	.	repseek26:dir
seq	repseek	direct_repeat	63324	63349	24.69	+	.	repseek26:dir
seq	repseek	overlapping_direct_repeat	61036	61056	21.43	+	.	repseek27:dir
seq	repseek	overlapping_direct_repeat	61037	61057	21.43	+	.	repseek27:dir
seq	repseek	overlapping_direct_repeat	63196	63347	27.00	+	.	repseek28:dir
seq	repseek	overlapping_direct_repeat	63198	63348	27.00	+	.	repseek28:dir
seq	repseek	direct_repeat	63325	63354	24.77	+	.	repseek29:dir
seq	repseek	direct_repeat	72852	72881	24.77	+	.	repseek29:dir
seq	repseek	overlapping_direct_repeat	63484	63592	97.53	+	.	repseek30:dir
seq	repseek	overlapping_direct_repeat	63516	63624	97.53	+	.	repseek30:dir
seq	repseek	direct_repeat	64723	64887	74.31	+	.	repseek31:dir
seq	repseek	direct_repeat	68712	68872	74.31	+	.	repseek31:dir
seq	repseek	direct_repeat	70465	70906	381.70	+	.	repseek32:dir
seq	repseek	direct_repeat	71272	71716	381.70	+	.	repseek32:dir
seq	repseek	direct_repeat	71717	72069	318.85	+	.	repseek33:dir
seq	repseek	direct_repeat	79040	79393	318.85	+	.	repseek33:dir
seq	repseek	direct_repeat	72391	72529	63.29	+	.	repseek34:dir
seq	repseek	direct_repeat	72859	72997	63.29	+	.	repseek34:dir
seq	repseek	direct_repeat	73949	73987	29.33	+	.	repseek35:dir
seq	repseek	direct_repeat	74064	74102	29.33	+	.	repseek35:dir
seq	repseek	direct_repeat	73996	75530	756.68	+	.	repseek36:dir
seq	repseek	direct_repeat	81205	82727	756.68	+	.	repseek36:dir
seq	repseek	overlapping_direct_repeat	77115	77164	32.34	+	.	repseek37:dir
seq	repseek	overlapping_direct_repeat	77130	77179	32.34	+	.	repseek37:dir
seq	repseek	inverted_repeat	3980	5726	1302.19	+	.	repseek38:inv
seq	repseek	inverted_repeat	32892	34634	1302.19	+	.	repseek38:inv
seq	repseek	inverted_repeat	3980	10537	4578.82	+	.	repseek39:inv
seq	repseek	inverted_repeat	34952	41475	4578.82	+	.	repseek39:inv
seq	repseek	inverted_repeat	3980	5049	954.77	+	.	repseek40:inv
seq	repseek	inverted_repeat	72867	73936	954.77	+	.	repseek40:inv
seq	repseek	inverted_repeat	3980	5120	503.82	+	.	repseek41:inv
seq	repseek	inverted_repeat	80029	81176	503.82	+	.	repseek41:inv
seq	repseek	inverted_repeat	4920	5724	622.50	+	.	repseek42:inv
seq	repseek	inverted_repeat	71717	72531	622.50	+	.	repseek42:inv
seq	repseek	inverted_repeat	5371	10537	3636.29	+	.	repseek43:inv
seq	repseek	inverted_repeat	74254	79393	3636.29	+	.	repseek43:inv
seq	repseek	inverted_repeat	9249	10534	598.74	+	.	repseek44:inv
seq	repseek	inverted_repeat	81478	82727	598.74	+	.	repseek44:inv
seq	repseek	inverted_repeat	10920	12019	489.48	+	.	repseek45:inv
seq	repseek	inverted_repeat	80123	81235	489.48	+	.	repseek45:inv
seq	repseek	inverted_repeat	10933	12710	1297.16	+	.	repseek46:inv
seq	repseek	inverted_repeat	32893	34680	1297.16	+	.	repseek46:inv
seq	repseek	inverted_repeat	10947	12039	955.05	+	.	repseek47:inv
seq	repseek	inverted_repeat	72878	73968	955.05	+	.	repseek47:inv
seq	repseek	inverted_repeat	10974	12710	1278.91	+	.	repseek48:inv
seq	repseek	inverted_repeat	39732	41480	1278.91	+	.	repseek48:inv
seq	repseek	inverted_repeat	11918	12709	594.03	+	.	repseek49:inv
seq	repseek	inverted_repeat	71717	72531	594.03	+	.	repseek49:inv
seq	repseek	inverted_repeat	12356	12710	310.09	+	.	repseek50:inv
seq	repseek	inverted_repeat	79039	79393	310.09	+	.	repseek50:inv
seq	repseek	inverted_repeat	13884	15630	1167.76	+	.	repseek51:inv
seq	repseek	inverted_repeat	32893	34634	1167.76	+	.	repseek51:inv
seq	repseek	inverted_repeat	13884	15634	1179.87	+	.	repseek52:inv
seq	repseek	inverted_repeat	39728	41475	1179.87	+	.	repseek52:inv
seq	repseek	inverted_repeat	13884	14924	914.35	+	.	repseek53:inv
seq	repseek	inverted_repeat	72896	73936	914.35	+	.	repseek53:inv
seq	repseek	inverted_repeat	13884	14922	476.68	+	.	repseek54:inv
seq	repseek	inverted_repeat	80123	81176	476.68	+	.	repseek54:inv
seq	repseek	inverted_repeat	14788	15634	370.99	+	.	repseek55:inv
seq	repseek	inverted_repeat	71712	72527	370.99	+	.	repseek55:inv
seq	repseek	inverted_repeat	15268	15634	279.35	+	.	repseek56:inv
seq	repseek	inverted_repeat	79035	79401	279.35	+	.	repseek56:inv
seq	repseek	inverted_repeat	46482	46509	22.13	+	.	repseek57:inv
seq	repseek	inverted_repeat	63327	63354	22.13	+	.	repseek57:inv
seq	repseek	inverted_repeat	46488	46509	22.02	+	.	repseek58:inv
seq	repseek	inverted_repeat	61036	61057	22.02	+	.	repseek58:inv
seq	repseek	inverted_repeat	72427	72872	271.79	+	.	repseek59:inv
seq	repseek	inverted_repeat	72882	73327	271.79	+	.	repseek59:inv
