seq	tenest	LTR_retrotransposon	72890	72904	.	.	.	solo_Angela_s0
seq	tenest	five_prime_LTR_component	4045	5725	.	.	.	pair_Angela_p0
seq	tenest	three_prime_LTR_component	11044	12709	.	.	.	pair_Angela_p0
seq	tenest	LTR_retrotransposon	5759	11044	.	.	.	pair_Angela_p0
seq	tenest	five_prime_LTR_component	32892	34568	.	.	.	pair_Angela_p1
seq	tenest	three_prime_LTR_component	39731	41410	.	.	.	pair_Angela_p1
seq	tenest	LTR_retrotransposon	34569	34679	.	.	.	pair_Angela_p1
seq	tenest	LTR_retrotransposon	35072	39731	.	.	.	pair_Angela_p1
seq	tenest	five_prime_LTR_component	71717	72182	.	.	.	pair_Angela_p2
seq	tenest	three_prime_LTR_component	79038	79392	.	.	.	pair_Angela_p2
seq	tenest	LTR_retrotransposon	72905	73981	.	.	.	pair_Angela_p2
seq	tenest	LTR_retrotransposon	74064	74207	.	.	.	pair_Angela_p2
seq	tenest	LTR_retrotransposon	74252	79005	.	.	.	pair_Angela_p2
seq	tenest	five_prime_LTR_component	51886	52125	.	.	.	pair_Veju_p3
seq	tenest	three_prime_LTR_component	54117	54279	.	.	.	pair_Veju_p3
seq	tenest	LTR_retrotransposon	52126	53245	.	.	.	pair_Veju_p3
seq	tenest	LTR_retrotransposon	13868	15633	.	.	.	frag_Angela_f0
seq	tenest	LTR_retrotransposon	69846	71275	.	.	.	frag_Vowyli_f1
seq	tenest	LTR_retrotransposon	71277	71713	.	.	.	frag_Vowyli_f2
seq	tenest	LTR_retrotransposon	47377	47910	.	.	.	frag_XC_f3
seq	tenest	LTR_retrotransposon	13308	13866	.	.	.	frag_Yvonne_f4
seq	tenest	LTR_retrotransposon	15635	16423	.	.	.	frag_Yvonne_f4
seq	tenest	LTR_retrotransposon	54281	54462	.	.	.	frag_Veju_f5
seq	tenest	LTR_retrotransposon	79393	82725	.	.	.	frag_WIS_f6
seq	tenest	LTR_retrotransposon	24796	24949	.	.	.	frag_Enuc_f7
seq	tenest	LTR_retrotransposon	25305	25473	.	.	.	frag_Enuc_f7
seq	tenest	LTR_retrotransposon	1852	3130	.	.	.	frag_Mara_f8
seq	tenest	LTR_retrotransposon	72212	72412	.	.	.	frag_Angela_f9
seq	tenest	LTR_retrotransposon	72527	72862	.	.	.	frag_Angela_f9
seq	tenest	transposable_element	59638	60275	.	.	.	nonltr_XC_n0
seq	tenest	transposable_element	28218	32730	.	.	.	nonltr_Liuling_n1
seq	tenest	transposable_element	48312	50891	.	.	.	nonltr_Artem_n2
seq	tenest	transposable_element	24996	25303	.	.	.	nonltr_Enuc_n3
seq	tenest	transposable_element	25475	25654	.	.	.	nonltr_Enuc_n4
